// Jest Snapshot v1, https://goo.gl/fbAQLP

exports[`the UI page displays correctly 1`] = `ShallowWrapper {}`;
