// Jest Snapshot v1, https://goo.gl/fbAQLP

exports[`Testing the Qoute component should render correctly to the dom 1`] = `
<div
  className="Quote-container"
>
  <p
    className="Quote-text"
  >
    Mathematics is not about numbers, equations, computations, or algorithms: it is about understanding. -William Paul Thurston
  </p>
</div>
`;
